mode: set
bigO/p1_smallest.go:4.2,4.20 1 1
bigO/p1_smallest.go:5.3,6.1 1 1
bigO/p1_smallest.go:7.2,8.33 2 1
bigO/p1_smallest.go:9.3,9.20 1 1
bigO/p1_smallest.go:10.4,11.1 1 1
bigO/p1_smallest.go:13.2,13.17 1 1
bigO/p2_duplicate.go:4.5,4.23 1 1
bigO/p2_duplicate.go:5.9,6.1 1 1
bigO/p2_duplicate.go:8.5,8.36 1 1
bigO/p2_duplicate.go:9.9,9.44 1 1
bigO/p2_duplicate.go:10.13,10.35 1 1
bigO/p2_duplicate.go:11.17,12.1 1 1
bigO/p2_duplicate.go:16.5,16.19 1 0
bigO/p3_tower_height.go:4.2,4.12 1 1
bigO/p3_tower_height.go:5.3,6.1 1 1
bigO/p3_tower_height.go:7.2,8.1 2 1
bigO/p3_tower_height.go:9.2,9.26 2 1
bigO/p3_tower_height.go:10.3,11.1 1 1
bigO/p3_tower_height.go:13.2,13.20 1 1
bigO/p4_search.go:4.2,4.21 1 1
bigO/p4_search.go:5.3,6.1 1 1
bigO/p4_search.go:7.2,9.29 3 1
bigO/p4_search.go:10.3,11.28 2 1
bigO/p4_search.go:12.4,13.1 1 1
bigO/p4_search.go:14.3,14.27 1 1
bigO/p4_search.go:15.4,16.1 1 1
bigO/p4_search.go:17.4,18.1 1 1
bigO/p4_search.go:20.2,20.16 1 1
bigO/p5_count.go:4.5,4.23 1 1
bigO/p5_count.go:5.3,6.1 1 1
bigO/p5_count.go:7.5,8.31 2 1
bigO/p5_count.go:9.9,9.27 1 1
bigO/p5_count.go:10.13,10.26 1 1
bigO/p5_count.go:12.5,12.22 1 1
bigO/p6_first_unique.go:4.2,4.21 1 1
bigO/p6_first_unique.go:5.5,6.1 1 1
bigO/p6_first_unique.go:8.2,9.1 2 1
bigO/p6_first_unique.go:10.2,10.26 2 1
bigO/p6_first_unique.go:11.3,12.1 1 1
bigO/p6_first_unique.go:14.2,14.26 1 1
bigO/p6_first_unique.go:15.3,15.23 1 1
bigO/p6_first_unique.go:16.4,17.1 1 1
bigO/p6_first_unique.go:20.2,20.15 1 1
